>>>a=(1,2,3)
>>>a[0]=100 // error
Tuples cannot be changed unlike lists.
Tuple is a sequence of immutable Python objects.


>>> a=[1,2,3]
>>> a[0]
1
>>> a[0]=100
>>> a[0]
100

List is a mutable python oject

>>> print (a)
[100, 2, 3]

>>>a='hi'
>>>a[0]=100
 Type error:'str' object does not support item assignment
